---
source: tests/snapshots.rs
expression: "lines.join(\"\\n\")"
---
abs : (Int) -> Int ! {}
all : forall a e0. ((a) -> Bool ! {e0}, List(a)) -> Bool ! {e0} ! {}
and : (Bool, Bool) -> Bool ! {}
and_then : forall a b e0. ((a) -> Option(b) ! {e0}, Option(a)) -> Option(b) ! {e0} ! {}
and_then_result : forall a b c e0. ((a) -> Result(b, c) ! {e0}, Result(a, c)) -> Result(b, c) ! {e0} ! {}
any : forall a e0. ((a) -> Bool ! {e0}, List(a)) -> Bool ! {e0} ! {}
append : forall a. (List(a), List(a)) -> List(a) ! {}
at_list : forall a. (List(a), Int) -> a ! {Fail} ! {Fail}
at_map : forall a b. (Map(a, b), a) -> b ! {Fail} ! {Fail}
between : (Int, Int, Int) -> Bool ! {}
both : forall a b. (Option(a), Option(b)) -> Option((a, b)) ! {}
chars : (String) -> List(Char) ! {}
chars_from : (String, Int) -> List(Char) ! {}
chunks_of : forall a. (Int, List(a)) -> List(List(a)) ! {}
clamp : (Int, Int, Int) -> Int ! {}
compose : forall a b c e0. ((b) -> a ! {e0}, (c) -> b ! {e0}, c) -> a ! {e0} ! {}
concat_map : forall a b e0. ((a) -> List(b) ! {e0}, List(a)) -> List(b) ! {e0} ! {}
const : forall a b. (a, b) -> a ! {}
count : forall a e0. ((a) -> Bool ! {e0}, List(a)) -> Int ! {e0} ! {}
default : forall a e0. (() -> a ! {e0}, a) -> a ! {e0} ! {}
drop : forall a. (Int, List(a)) -> List(a) ! {}
drop_while : forall a e0. ((a) -> Bool ! {e0}, List(a)) -> List(a) ! {e0} ! {}
e : Float ! {}
enum_from_then_to : (Int, Int, Int) -> List(Int) ! {}
enum_from_to : (Int, Int) -> List(Int) ! {}
enum_seq : (Int, Int, Int) -> List(Int) ! {}
even : (Int) -> Bool ! {}
factorial : (Int) -> Int ! {}
fib : (Int) -> Int ! {}
filter : forall a e0. ((a) -> Bool ! {e0}, List(a)) -> List(a) ! {e0} ! {}
find : forall a e0. ((a) -> Bool ! {e0}, List(a)) -> Option(a) ! {e0} ! {}
flatten : forall a. (List(List(a))) -> List(a) ! {}
flip : forall a b c e0. ((b, c) -> a ! {e0}, c, b) -> a ! {e0} ! {}
foldl : forall a b e0. ((a, b) -> a ! {e0}, a, List(b)) -> a ! {e0} ! {}
foldr : forall a b e0. ((a, b) -> b ! {e0}, b, List(a)) -> b ! {e0} ! {}
for_range : forall a e0. (Int, Int, (Int, a) -> a ! {e0}, a) -> a ! {e0} ! {}
force : forall a. (Option(a)) -> a ! {Fail} ! {Fail}
fst : forall a b. ((a, b)) -> a ! {}
gcd : (Int, Int) -> Int ! {}
guard : (Bool) -> Unit ! {Fail} ! {Fail}
head : forall a. (List(a)) -> Option(a) ! {}
id : forall a. (a) -> a ! {}
index_of_from : (Int, String, Int) -> Int ! {}
insert_by_ord : forall a. (a, List(a)) -> List(a) ! {}
insert_sorted : (Int, List(Int)) -> List(Int) ! {}
int_cmp : (Int, Int) -> Int ! {}
is_err : forall a b. (Result(a, b)) -> Bool ! {}
is_nil : forall a. (List(a)) -> Bool ! {}
is_none : forall a. (Option(a)) -> Bool ! {}
is_ok : forall a b. (Result(a, b)) -> Bool ! {}
is_some : forall a. (Option(a)) -> Bool ! {}
last : forall a. (List(a)) -> Option(a) ! {}
lcm : (Int, Int) -> Int ! {}
length : forall a. (List(a)) -> Int ! {}
lines_of : (List(String)) -> String ! {}
list_to_option : forall a. (List(a)) -> Option(a) ! {}
log10 : (Float) -> Float ! {}
log2 : (Float) -> Float ! {}
map : forall a b e0. ((b) -> a ! {e0}, List(b)) -> List(a) ! {e0} ! {}
map_balance : forall a b. (Map(a, b)) -> Map(a, b) ! {}
map_bf : forall a b. (Map(a, b)) -> Int ! {}
map_delete : forall a b. (a, Map(a, b)) -> Map(a, b) ! {}
map_empty : forall k v. Map(k, v) ! {}
map_from_list : forall a b. (List((a, b))) -> Map(a, b) ! {}
map_height : forall a b. (Map(a, b)) -> Int ! {}
map_insert : forall a b. (a, b, Map(a, b)) -> Map(a, b) ! {}
map_keys : forall a b. (Map(a, b)) -> List(a) ! {}
map_lookup : forall a b. (a, Map(a, b)) -> Option(b) ! {}
map_map_values : forall a b c e0. ((c) -> b ! {e0}, Map(a, c)) -> Map(a, b) ! {e0} ! {}
map_member : forall a b. (a, Map(a, b)) -> Bool ! {}
map_min : forall a b. (Map(a, b)) -> Option((a, b)) ! {}
map_node : forall a b. (a, b, Map(a, b), Map(a, b)) -> Map(a, b) ! {}
map_option : forall a b e0. ((b) -> a ! {e0}, Option(b)) -> Option(a) ! {e0} ! {}
map_or : forall a b e0. (a, (b) -> a ! {e0}, Option(b)) -> a ! {e0} ! {}
map_result : forall a b c e0. ((c) -> b ! {e0}, Result(c, a)) -> Result(b, a) ! {e0} ! {}
map_rot_left : forall a b. (Map(a, b)) -> Map(a, b) ! {}
map_rot_right : forall a b. (Map(a, b)) -> Map(a, b) ! {}
map_size : forall a b. (Map(a, b)) -> Int ! {}
map_to_list : forall a b. (Map(a, b)) -> List((a, b)) ! {}
map_values : forall a b. (Map(a, b)) -> List(b) ! {}
max : (Int, Int) -> Int ! {}
maximum : (List(Int)) -> Option(Int) ! {}
merge_by_ord : forall a. (List(a), List(a)) -> List(a) ! {}
min : (Int, Int) -> Int ! {}
minimum : (List(Int)) -> Option(Int) ! {}
mod : (Int, Int) -> Int ! {}
not : (Bool) -> Bool ! {}
nth : forall a. (Int, List(a)) -> Option(a) ! {}
odd : (Int) -> Bool ! {}
ok_of_option : forall a b. (a, Option(b)) -> Result(b, a) ! {}
option_of_result : forall a b. (Result(a, b)) -> Option(a) ! {}
option_or : forall a. (Option(a), Option(a)) -> Option(a) ! {}
option_to_list : forall a. (Option(a)) -> List(a) ! {}
optional : forall a e0. (() -> a ! {e0}) -> Option(a) ! {e0} ! {}
or : (Bool, Bool) -> Bool ! {}
pad_left : (String, Int) -> String ! {}
pad_right : (String, Int) -> String ! {}
pair_map : forall a b c d e0. ((b) -> a ! {e0}, (d) -> c ! {e0}, (b, d)) -> (a, c) ! {e0} ! {}
partition : forall a e0. ((a) -> Bool ! {e0}, List(a)) -> (List(a), List(a)) ! {e0} ! {}
pi : Float ! {}
position : forall a e0. ((a) -> Bool ! {e0}, List(a)) -> Option(Int) ! {e0} ! {}
position_go : forall a e0. ((a) -> Bool ! {e0}, Int, List(a)) -> Option(Int) ! {e0} ! {}
pow : (Int, Int) -> Int ! {}
product : (List(Int)) -> Int ! {}
rand_below : (Int) -> Int ! {IO} ! {IO}
rand_bool : () -> Bool ! {IO} ! {IO}
rand_range : (Int, Int) -> Int ! {IO} ! {IO}
range : (Int, Int) -> List(Int) ! {}
repeat : forall a e0. (Int, () -> a ! {e0}) -> Unit ! {e0} ! {}
replicate : forall a. (Int, a) -> List(a) ! {}
result_or : forall a b. (a, Result(a, b)) -> a ! {}
reverse : forall a. (List(a)) -> List(a) ! {}
scan_left : forall a b e0. ((a, b) -> a ! {e0}, a, List(b)) -> List(a) ! {e0} ! {}
scollect : forall a b. ((Unit) -> a) -> List(b) ! {}
set_delete : forall a. (a, Map(a, Unit)) -> Map(a, Unit) ! {}
set_empty : forall k v. Map(k, v) ! {}
set_from_list : forall a. (List(a)) -> Map(a, Unit) ! {}
set_insert : forall a. (a, Map(a, Unit)) -> Map(a, Unit) ! {}
set_member : forall a. (a, Map(a, Unit)) -> Bool ! {}
set_size : forall a b. (Map(a, b)) -> Int ! {}
set_to_list : forall a b. (Map(a, b)) -> List(a) ! {}
sfold : forall a b c. ((Unit) -> b, a, (a, c) -> a) -> a ! {}
signum : (Int) -> Int ! {}
singleton : forall a. (a) -> List(a) ! {}
skeep : forall a b c e0. ((Unit) -> a ! {e0}, (b) -> Bool ! {e0}) -> (c) -> a ! {Emit(b), e0} ! {Emit}
skeep_go : forall a b e0. ((Unit) -> a ! {e0}, (b) -> Bool ! {e0}) -> a ! {Emit(b), e0} ! {Emit}
smap : forall a b c d e0. ((Unit) -> a ! {e0}, (c) -> b ! {e0}) -> (d) -> a ! {Emit(b), e0} ! {Emit}
smap_go : forall a b c e0. ((Unit) -> a ! {e0}, (c) -> b ! {e0}) -> a ! {Emit(b), e0} ! {Emit}
snd : forall a b. ((a, b)) -> b ! {}
sof : forall a b. (List(a)) -> (b) -> Unit ! {Emit(a)} ! {Emit}
sof_go : forall a. (List(a)) -> Unit ! {Emit(a)} ! {Emit}
sort : forall a. (List(a)) -> List(a) ! {}
sort_by_ord : forall a. (List(a)) -> List(a) ! {}
split : (Int, String) -> List(String) ! {}
split_at : forall a. (Int, List(a)) -> (List(a), List(a)) ! {}
split_from : (Int, String, Int) -> List(String) ! {}
srange : forall a. (Int, Int) -> (a) -> Unit ! {Emit(Int)} ! {Emit}
srange_go : (Int, Int) -> Unit ! {Emit(Int)} ! {Emit}
ssum : forall a. ((Unit) -> a) -> Int ! {}
stake : forall a b c. ((Unit) -> b, Int) -> (c) -> Unit ! {Emit(a)} ! {Emit}
stake_go : forall a b. ((Unit) -> b, Int) -> Unit ! {Emit(a)} ! {Emit}
str_join : (String, List(String)) -> String ! {}
str_of_char : (Char) -> String ! {}
str_repeat : (String, Int) -> String ! {}
succeeds : forall a e0. (() -> a ! {e0}) -> Bool ! {e0} ! {}
sum : (List(Int)) -> Int ! {}
swap : forall a b. ((a, b)) -> (b, a) ! {}
tabulate : forall a e0. (Int, (Int) -> a ! {e0}) -> List(a) ! {e0} ! {}
tail : forall a. (List(a)) -> List(a) ! {}
take : forall a. (Int, List(a)) -> List(a) ! {}
take_while : forall a e0. ((a) -> Bool ! {e0}, List(a)) -> List(a) ! {e0} ! {}
tan : (Float) -> Float ! {}
tau : Float ! {}
unwrap_or : forall a. (a, Option(a)) -> a ! {}
unzip : forall a b. (List((a, b))) -> (List(a), List(b)) ! {}
while : forall a e0. (() -> Bool ! {e0}, () -> a ! {e0}) -> Unit ! {e0} ! {}
while_loop : forall a e0. ((a) -> Bool ! {e0}, (a) -> a ! {e0}, a) -> a ! {e0} ! {}
xor : (Bool, Bool) -> Bool ! {}
zip : forall a b. (List(a), List(b)) -> List((a, b)) ! {}
zip_with : forall a b c e0. ((b, c) -> a ! {e0}, List(b), List(c)) -> List(a) ! {e0} ! {}
