---
source: tests/snapshots.rs
expression: "prism::report(&src)"
input_file: tests/cases/float_show.pr
---
== tokens ==
VOpen Fn Ident("main") LParen RParen Eq VOpen Ident("println") LParen Float(0.1) PlusDot Float(0.2) RParen VSemi Ident("println") LParen Float(10.0) SlashDot Float(3.0) RParen VSemi Ident("println") LParen Float(100.0) StarDot Float(1.0) RParen VSemi Ident("println") LParen Float(1e16) RParen VSemi Ident("println") LParen Float(1e-5) RParen VSemi Ident("println") LParen Float(0.0) MinusDot Float(2.5) RParen VClose VClose

== ast ==
Program {
    types: [],
    effects: [],
    errors: [],
    aliases: [],
    classes: [],
    instances: [],
    fns: [
        Decl {
            name: "main",
            params: [],
            ret: None,
            eff: None,
            constraints: [],
            body: Spanned {
                node: Let(
                    "_",
                    Spanned {
                        node: Call(
                            Spanned {
                                node: Var(
                                    "println",
                                ),
                                span: 241..248,
                            },
                            [
                                Spanned {
                                    node: Bin(
                                        Addf,
                                        Spanned {
                                            node: Float(
                                                0.1,
                                            ),
                                            span: 249..252,
                                        },
                                        Spanned {
                                            node: Float(
                                                0.2,
                                            ),
                                            span: 256..259,
                                        },
                                    ),
                                    span: 249..259,
                                },
                            ],
                        ),
                        span: 241..260,
                    },
                    Spanned {
                        node: Let(
                            "_",
                            Spanned {
                                node: Call(
                                    Spanned {
                                        node: Var(
                                            "println",
                                        ),
                                        span: 263..270,
                                    },
                                    [
                                        Spanned {
                                            node: Bin(
                                                Divf,
                                                Spanned {
                                                    node: Float(
                                                        10.0,
                                                    ),
                                                    span: 271..275,
                                                },
                                                Spanned {
                                                    node: Float(
                                                        3.0,
                                                    ),
                                                    span: 279..282,
                                                },
                                            ),
                                            span: 271..282,
                                        },
                                    ],
                                ),
                                span: 263..283,
                            },
                            Spanned {
                                node: Let(
                                    "_",
                                    Spanned {
                                        node: Call(
                                            Spanned {
                                                node: Var(
                                                    "println",
                                                ),
                                                span: 286..293,
                                            },
                                            [
                                                Spanned {
                                                    node: Bin(
                                                        Mulf,
                                                        Spanned {
                                                            node: Float(
                                                                100.0,
                                                            ),
                                                            span: 294..299,
                                                        },
                                                        Spanned {
                                                            node: Float(
                                                                1.0,
                                                            ),
                                                            span: 303..306,
                                                        },
                                                    ),
                                                    span: 294..306,
                                                },
                                            ],
                                        ),
                                        span: 286..307,
                                    },
                                    Spanned {
                                        node: Let(
                                            "_",
                                            Spanned {
                                                node: Call(
                                                    Spanned {
                                                        node: Var(
                                                            "println",
                                                        ),
                                                        span: 310..317,
                                                    },
                                                    [
                                                        Spanned {
                                                            node: Float(
                                                                1e16,
                                                            ),
                                                            span: 318..337,
                                                        },
                                                    ],
                                                ),
                                                span: 310..338,
                                            },
                                            Spanned {
                                                node: Let(
                                                    "_",
                                                    Spanned {
                                                        node: Call(
                                                            Spanned {
                                                                node: Var(
                                                                    "println",
                                                                ),
                                                                span: 341..348,
                                                            },
                                                            [
                                                                Spanned {
                                                                    node: Float(
                                                                        1e-5,
                                                                    ),
                                                                    span: 349..356,
                                                                },
                                                            ],
                                                        ),
                                                        span: 341..357,
                                                    },
                                                    Spanned {
                                                        node: Call(
                                                            Spanned {
                                                                node: Var(
                                                                    "println",
                                                                ),
                                                                span: 360..367,
                                                            },
                                                            [
                                                                Spanned {
                                                                    node: Bin(
                                                                        Subf,
                                                                        Spanned {
                                                                            node: Float(
                                                                                0.0,
                                                                            ),
                                                                            span: 368..371,
                                                                        },
                                                                        Spanned {
                                                                            node: Float(
                                                                                2.5,
                                                                            ),
                                                                            span: 375..378,
                                                                        },
                                                                    ),
                                                                    span: 368..378,
                                                                },
                                                            ],
                                                        ),
                                                        span: 360..379,
                                                    },
                                                ),
                                                span: 341..379,
                                            },
                                        ),
                                        span: 310..379,
                                    },
                                ),
                                span: 286..379,
                            },
                        ),
                        span: 263..379,
                    },
                ),
                span: 241..379,
            },
            wheres: [],
            span: 227..379,
        },
    ],
}

== types ==
main : () -> Unit ! {IO}

== core (cbpv) ==
fn main() =
  return 0.1 to t@0; return 0.2 to t@1; t@0 +. t@1 to t@2; printf t@2 to t@3; print_nl to _; return 10 to t@4; return 3 to t@5; t@4 /. t@5 to t@6; printf t@6 to t@7; print_nl to _; return 100 to t@8; return 1 to t@9; t@8 *. t@9 to t@10; printf t@10 to t@11; print_nl to _; return 10000000000000000 to t@12; printf t@12 to t@13; print_nl to _; return 0.00001 to t@14; printf t@14 to t@15; print_nl to _; return 0 to t@16; return 2.5 to t@17; t@16 -. t@17 to t@18; printf t@18 to t@19; print_nl

== fbip (rc) ==
fn main() =
  return 0.1 to t@0; return 0.2 to t@1; t@0 +. t@1 to t@2; printf t@2 to t@3; drop t@3 to _; print_nl to _; drop _ to _; return 10 to t@4; return 3 to t@5; t@4 /. t@5 to t@6; printf t@6 to t@7; drop t@7 to _; print_nl to _; drop _ to _; return 100 to t@8; return 1 to t@9; t@8 *. t@9 to t@10; printf t@10 to t@11; drop t@11 to _; print_nl to _; drop _ to _; return 10000000000000000 to t@12; printf t@12 to t@13; drop t@13 to _; print_nl to _; drop _ to _; return 0.00001 to t@14; printf t@14 to t@15; drop t@15 to _; print_nl to _; drop _ to _; return 0 to t@16; return 2.5 to t@17; t@16 -. t@17 to t@18; printf t@18 to t@19; drop t@19 to _; print_nl

== llvm ==
; ModuleID = 'prism'
source_filename = "prism"

; Function Attrs: nounwind
define i64 @prism_main() #0 {
entry:
  %t2 = call i64 @prism_box(i64 4599075939470750516)
  %t3 = call i64 @prism_unbox(i64 %t2)
  call void @prism_print_float(i64 %t3)
  call void @prism_rc_dec(i64 %t2)
  call void @prism_rc_dec(i64 0)
  call void @prism_print_nl()
  call void @prism_rc_dec(i64 0)
  %t10 = call i64 @prism_box(i64 4614688418178968235)
  %t11 = call i64 @prism_unbox(i64 %t10)
  call void @prism_print_float(i64 %t11)
  call void @prism_rc_dec(i64 %t10)
  call void @prism_rc_dec(i64 0)
  call void @prism_print_nl()
  call void @prism_rc_dec(i64 0)
  %t18 = call i64 @prism_box(i64 4636737291354636288)
  %t19 = call i64 @prism_unbox(i64 %t18)
  call void @prism_print_float(i64 %t19)
  call void @prism_rc_dec(i64 %t18)
  call void @prism_rc_dec(i64 0)
  call void @prism_print_nl()
  call void @prism_rc_dec(i64 0)
  %t26 = call i64 @prism_box(i64 4846369599423283200)
  %t27 = call i64 @prism_unbox(i64 %t26)
  call void @prism_print_float(i64 %t27)
  call void @prism_rc_dec(i64 %t26)
  call void @prism_rc_dec(i64 0)
  call void @prism_print_nl()
  call void @prism_rc_dec(i64 0)
  %t34 = call i64 @prism_box(i64 4532020583610935537)
  %t35 = call i64 @prism_unbox(i64 %t34)
  call void @prism_print_float(i64 %t35)
  call void @prism_rc_dec(i64 %t34)
  call void @prism_rc_dec(i64 0)
  call void @prism_print_nl()
  call void @prism_rc_dec(i64 0)
  %t42 = call i64 @prism_box(i64 -4610560118520545280)
  %t43 = call i64 @prism_unbox(i64 %t42)
  call void @prism_print_float(i64 %t43)
  call void @prism_rc_dec(i64 %t42)
  call void @prism_rc_dec(i64 0)
  call void @prism_print_nl()
  ret i64 0
}

; Function Attrs: nounwind
declare i64 @prism_box(i64) #0

; Function Attrs: nounwind
declare i64 @prism_unbox(i64) #0

; Function Attrs: nounwind
declare void @prism_print_float(i64) #0

; Function Attrs: nounwind
declare void @prism_rc_dec(i64) #0

; Function Attrs: nounwind
declare void @prism_print_nl() #0

attributes #0 = { nounwind }

== run ==
output: [0.30000000000000004, 3.3333333333333335, 100, 1e+16, 1e-05, -2.5]
result: ()
