---
source: tests/snapshots.rs
expression: "prism::report(&src)"
input_file: tests/cases/named_escape.pr
---
== tokens ==
VOpen Effect UIdent("Ask") VOpen Ctl Ident("ask") LParen RParen Colon KwInt VClose VSemi Fn Ident("leak") LParen RParen Colon LParen KwUnit RParen Arrow KwInt Eq VOpen With Ident("f") LArrow Handler VOpen Ident("ask") LParen Ident("k") RParen FatArrow Ident("k") LParen Int(IntLit { value: 5, suffix: None }) RParen VSemi Return Ident("r") FatArrow Ident("r") VClose VSemi Lambda LParen Ident("u") RParen Arrow Ident("f") Dot Ident("ask") LParen RParen VClose VSemi Fn Ident("main") LParen RParen Eq Ident("println") LParen Ident("leak") LParen RParen LParen LParen RParen RParen RParen VClose

== ast ==
Program {
    types: [],
    effects: [
        EffectDecl {
            name: "Ask",
            params: [],
            ops: [
                EffOp {
                    name: "ask",
                    params: [],
                    ret: Int,
                    grade: Many,
                },
            ],
            span: 0..28,
        },
    ],
    errors: [],
    aliases: [],
    classes: [],
    instances: [],
    fns: [
        Decl {
            name: "leak",
            params: [],
            ret: Some(
                Fun(
                    [
                        Unit,
                    ],
                    Empty,
                    Int,
                ),
            ),
            eff: None,
            constraints: [],
            body: Spanned {
                node: Sugar(
                    NamedHandle(
                        "f",
                        Spanned {
                            node: Lam(
                                [
                                    Param {
                                        name: "u",
                                        ty: None,
                                        borrow: false,
                                        default: None,
                                    },
                                ],
                                Spanned {
                                    node: Call(
                                        Spanned {
                                            node: Var(
                                                "ask",
                                            ),
                                            span: 125..125,
                                            synth: true,
                                        },
                                        [
                                            Spanned {
                                                node: Var(
                                                    "f",
                                                ),
                                                span: 125..126,
                                            },
                                        ],
                                    ),
                                    span: 125..132,
                                },
                            ),
                            span: 117..132,
                        },
                        [
                            Op(
                                "ask",
                                [],
                                "k",
                                Spanned {
                                    node: Call(
                                        Spanned {
                                            node: Var(
                                                "k",
                                            ),
                                            span: 92..93,
                                        },
                                        [
                                            Spanned {
                                                node: Int(
                                                    IntLit {
                                                        value: 5,
                                                        suffix: None,
                                                    },
                                                ),
                                                span: 94..95,
                                            },
                                        ],
                                    ),
                                    span: 92..96,
                                },
                            ),
                            Return(
                                "r",
                                Spanned {
                                    node: Var(
                                        "r",
                                    ),
                                    span: 113..114,
                                },
                            ),
                        ],
                    ),
                ),
                span: 60..132,
            },
            wheres: [],
            span: 30..132,
        },
        Decl {
            name: "main",
            params: [],
            ret: None,
            eff: None,
            constraints: [],
            body: Spanned {
                node: Call(
                    Spanned {
                        node: Var(
                            "println",
                        ),
                        span: 146..153,
                    },
                    [
                        Spanned {
                            node: Call(
                                Spanned {
                                    node: Call(
                                        Spanned {
                                            node: Var(
                                                "leak",
                                            ),
                                            span: 154..158,
                                        },
                                        [],
                                    ),
                                    span: 154..160,
                                },
                                [
                                    Spanned {
                                        node: Unit,
                                        span: 161..163,
                                    },
                                ],
                            ),
                            span: 154..164,
                        },
                    ],
                ),
                span: 146..165,
            },
            wheres: [],
            span: 134..165,
        },
    ],
}

== types ==
Type Error: handler instance `f` escapes its `with` block: the value here is a function that still performs `f`'s operations after its handler is gone
   ╭─[ <source>:8:3 ]
   │
 8 │   \(u) -> f.ask()
   │   ───────┬───────  
   │          ╰───────── handler instance `f` escapes its `with` block: the value here is a function that still performs `f`'s operations after its handler is gone
───╯
