---
source: tests/snapshots.rs
expression: "prism::report(&src)"
input_file: tests/cases/annot_effect_unused.pr
---
== tokens ==
VOpen Effect UIdent("State") VOpen Ctl Ident("get") LParen KwUnit RParen Colon KwInt VClose VSemi Fn Ident("h") LParen RParen Colon Bang LBrace UIdent("State") RBrace KwInt Eq Int(IntLit { value: 1, suffix: None }) VSemi Fn Ident("main") LParen RParen Eq VOpen Ident("println") LParen Handle Ident("h") LParen RParen With LBrace Ident("get") LParen Ident("u") Comma Ident("k") RParen FatArrow Ident("k") LParen Int(IntLit { value: 0, suffix: None }) RParen Comma Return Ident("x") FatArrow Ident("x") RBrace RParen VClose VClose

== ast ==
Program {
    types: [],
    effects: [
        EffectDecl {
            name: "State",
            params: [],
            ops: [
                EffOp {
                    name: "get",
                    params: [
                        Unit,
                    ],
                    ret: Int,
                    grade: Many,
                },
            ],
            span: 0..34,
        },
    ],
    errors: [],
    aliases: [],
    classes: [],
    instances: [],
    fns: [
        Decl {
            name: "h",
            params: [],
            ret: Some(
                Int,
            ),
            eff: Some(
                [
                    EffLabel {
                        name: "State",
                        args: [],
                    },
                ],
            ),
            constraints: [],
            body: Spanned {
                node: Int(
                    IntLit {
                        value: 1,
                        suffix: None,
                    },
                ),
                span: 60..61,
            },
            wheres: [],
            span: 36..61,
        },
        Decl {
            name: "main",
            params: [],
            ret: None,
            eff: None,
            constraints: [],
            body: Spanned {
                node: Call(
                    Spanned {
                        node: Var(
                            "println",
                        ),
                        span: 77..84,
                    },
                    [
                        Spanned {
                            node: Handle(
                                Spanned {
                                    node: Call(
                                        Spanned {
                                            node: Var(
                                                "h",
                                            ),
                                            span: 92..93,
                                        },
                                        [],
                                    ),
                                    span: 92..95,
                                },
                                [
                                    Op(
                                        "get",
                                        [
                                            "u",
                                        ],
                                        "k",
                                        Spanned {
                                            node: Call(
                                                Spanned {
                                                    node: Var(
                                                        "k",
                                                    ),
                                                    span: 120..121,
                                                },
                                                [
                                                    Spanned {
                                                        node: Int(
                                                            IntLit {
                                                                value: 0,
                                                                suffix: None,
                                                            },
                                                        ),
                                                        span: 122..123,
                                                    },
                                                ],
                                            ),
                                            span: 120..124,
                                        },
                                    ),
                                    Return(
                                        "x",
                                        Spanned {
                                            node: Var(
                                                "x",
                                            ),
                                            span: 142..143,
                                        },
                                    ),
                                ],
                            ),
                            span: 85..147,
                        },
                    ],
                ),
                span: 77..148,
            },
            wheres: [],
            span: 63..148,
        },
    ],
}

== types ==
h : () -> Int
main : () -> Unit ! {IO}

== core (cbpv) ==
fn h() =
  return 1
fn main() =
  handle { h() } with { get(u, k) => return 0 to t@0; return k to t@1; (force t@1)(t@0), return x => return x } to t@2; print t@2 to t@3; print_nl

== fbip (rc) ==
fn h() =
  return 1
fn main() =
  handle { h() } with { get(u, k) => drop u to _; return 0 to t@0; return k to t@1; (force t@1)(t@0), return x => return x } to t@2; print t@2 to t@3; drop t@3 to _; print_nl

== llvm ==
; ModuleID = 'prism'
source_filename = "prism"

; Function Attrs: nounwind
define i64 @prism_main() #0 {
entry:
  call void @prism_print_int(i64 3)
  call void @prism_rc_dec(i64 3)
  call void @prism_rc_dec(i64 0)
  call void @prism_print_nl()
  ret i64 0
}

; Function Attrs: nounwind
declare void @prism_print_int(i64) #0

; Function Attrs: nounwind
declare void @prism_rc_dec(i64) #0

; Function Attrs: nounwind
declare void @prism_print_nl() #0

attributes #0 = { nounwind }

== run ==
output: [1]
result: ()
