---
source: tests/snapshots.rs
expression: "normalize_pipeline_report(&prism::report(&src))"
input_file: tests/cases/interp_empty.pr
---
[E7001] Lexical Error: empty interpolation hole `{}` at line 2:24
   ╭─[ <source>:2:24 ]
   │
 2 │ fn main() = println("a {} b")
   │                        │ 
   │                        ╰─ here
───╯
