---
source: tests/snapshots.rs
expression: "prism::report(&src)"
input_file: tests/cases/reuseclash.pr
---
== tokens ==
VOpen Type UIdent("Pair") Eq UIdent("Pair") LParen KwInt Comma KwInt RParen VSemi Fn Ident("bump") LParen Ident("p") Colon UIdent("Pair") Comma Ident("_reuse_p") Colon KwInt RParen Colon UIdent("Pair") Eq VOpen Match Ident("p") Of VOpen UIdent("Pair") LParen Ident("a") Comma Ident("b") RParen FatArrow UIdent("Pair") LParen Ident("a") Plus Ident("_reuse_p") Comma Ident("b") RParen VClose VClose VSemi Fn Ident("main") LParen RParen Eq VOpen Match Ident("bump") LParen UIdent("Pair") LParen Int(IntLit { value: 1, suffix: None }) Comma Int(IntLit { value: 2, suffix: None }) RParen Comma Int(IntLit { value: 10, suffix: None }) RParen Of VOpen UIdent("Pair") LParen Ident("x") Comma Ident("y") RParen FatArrow Ident("println") LParen Ident("x") Plus Ident("y") RParen VClose VClose VClose

== ast ==
Program {
    types: [
        DataDecl {
            name: "Pair",
            params: [],
            param_kinds: [],
            ctors: [
                Ctor {
                    name: "Pair",
                    args: [
                        Int,
                        Int,
                    ],
                    fields: None,
                },
            ],
            deriving: [],
            newtype: false,
            span: 134..160,
        },
    ],
    effects: [],
    errors: [],
    aliases: [],
    classes: [],
    instances: [],
    fns: [
        Decl {
            name: "bump",
            params: [
                Param {
                    name: "p",
                    ty: Some(
                        Con(
                            "Pair",
                            [],
                        ),
                    ),
                    borrow: false,
                    default: None,
                },
                Param {
                    name: "_reuse_p",
                    ty: Some(
                        Int,
                    ),
                    borrow: false,
                    default: None,
                },
            ],
            ret: Some(
                Con(
                    "Pair",
                    [],
                ),
            ),
            eff: None,
            constraints: [],
            body: Spanned {
                node: Match(
                    Spanned {
                        node: Var(
                            "p",
                        ),
                        span: 213..214,
                    },
                    [
                        Arm {
                            pat: Spanned {
                                node: Ctor(
                                    "Pair",
                                    [
                                        Spanned {
                                            node: Var(
                                                "a",
                                            ),
                                            span: 227..228,
                                        },
                                        Spanned {
                                            node: Var(
                                                "b",
                                            ),
                                            span: 230..231,
                                        },
                                    ],
                                ),
                                span: 222..232,
                            },
                            body: Spanned {
                                node: Call(
                                    Spanned {
                                        node: Var(
                                            "Pair",
                                        ),
                                        span: 236..240,
                                    },
                                    [
                                        Spanned {
                                            node: Bin(
                                                Add,
                                                Spanned {
                                                    node: Var(
                                                        "a",
                                                    ),
                                                    span: 241..242,
                                                },
                                                Spanned {
                                                    node: Var(
                                                        "_reuse_p",
                                                    ),
                                                    span: 245..253,
                                                },
                                            ),
                                            span: 241..253,
                                        },
                                        Spanned {
                                            node: Var(
                                                "b",
                                            ),
                                            span: 255..256,
                                        },
                                    ],
                                ),
                                span: 236..257,
                            },
                        },
                    ],
                ),
                span: 207..257,
            },
            wheres: [],
            span: 162..257,
        },
        Decl {
            name: "main",
            params: [],
            ret: None,
            eff: None,
            constraints: [],
            body: Spanned {
                node: Match(
                    Spanned {
                        node: Call(
                            Spanned {
                                node: Var(
                                    "bump",
                                ),
                                span: 279..283,
                            },
                            [
                                Spanned {
                                    node: Call(
                                        Spanned {
                                            node: Var(
                                                "Pair",
                                            ),
                                            span: 284..288,
                                        },
                                        [
                                            Spanned {
                                                node: Int(
                                                    IntLit {
                                                        value: 1,
                                                        suffix: None,
                                                    },
                                                ),
                                                span: 289..290,
                                            },
                                            Spanned {
                                                node: Int(
                                                    IntLit {
                                                        value: 2,
                                                        suffix: None,
                                                    },
                                                ),
                                                span: 292..293,
                                            },
                                        ],
                                    ),
                                    span: 284..294,
                                },
                                Spanned {
                                    node: Int(
                                        IntLit {
                                            value: 10,
                                            suffix: None,
                                        },
                                    ),
                                    span: 296..298,
                                },
                            ],
                        ),
                        span: 279..299,
                    },
                    [
                        Arm {
                            pat: Spanned {
                                node: Ctor(
                                    "Pair",
                                    [
                                        Spanned {
                                            node: Var(
                                                "x",
                                            ),
                                            span: 312..313,
                                        },
                                        Spanned {
                                            node: Var(
                                                "y",
                                            ),
                                            span: 315..316,
                                        },
                                    ],
                                ),
                                span: 307..317,
                            },
                            body: Spanned {
                                node: Call(
                                    Spanned {
                                        node: Var(
                                            "println",
                                        ),
                                        span: 321..328,
                                    },
                                    [
                                        Spanned {
                                            node: Bin(
                                                Add,
                                                Spanned {
                                                    node: Var(
                                                        "x",
                                                    ),
                                                    span: 329..330,
                                                },
                                                Spanned {
                                                    node: Var(
                                                        "y",
                                                    ),
                                                    span: 333..334,
                                                },
                                            ),
                                            span: 329..334,
                                        },
                                    ],
                                ),
                                span: 321..335,
                            },
                        },
                    ],
                ),
                span: 273..335,
            },
            wheres: [],
            span: 259..335,
        },
    ],
}

== types ==
bump : (Pair, Int) -> Pair
main : () -> Unit ! {IO}

== core (cbpv) ==
fn bump(p, _reuse_p) =
  return p to t@0; case t@0 { Pair(a, b) => return a to t@1; return _reuse_p to t@2; t@1 + t@2 to t@3; return b to t@4; return Pair(t@3, t@4) }
fn main() =
  return 1 to t@5; return 2 to t@6; return Pair(t@5, t@6) to t@7; return 10 to t@8; bump(t@7, t@8) to t@9; case t@9 { Pair(x, y) => return x to t@10; return y to t@11; t@10 + t@11 to t@12; print t@12 to t@13; print_nl }

== fbip (rc) ==
fn bump(p, _reuse_p) =
  return p to t@0; case t@0 { Pair(a, b) => dup a to _; dup b to _; reuse_token t@0 to reuse#t@0; return a to t@1; return _reuse_p to t@2; t@1 + t@2 to t@3; return b to t@4; reuse reuse#t@0 as Pair(t@3, t@4) }
fn main() =
  return 1 to t@5; return 2 to t@6; return Pair(t@5, t@6) to t@7; return 10 to t@8; bump(t@7, t@8) to t@9; case t@9 { Pair(x, y) => dup x to _; dup y to _; drop t@9 to _; return x to t@10; return y to t@11; t@10 + t@11 to t@12; print t@12 to t@13; drop t@13 to _; print_nl }

== llvm ==
; ModuleID = 'prism'
source_filename = "prism"

; Function Attrs: nounwind
define i64 @prism_main() #0 {
entry:
  call void @prism_print_int(i64 27)
  call void @prism_rc_dec(i64 27)
  call void @prism_rc_dec(i64 0)
  call void @prism_print_nl()
  ret i64 0
}

; Function Attrs: nounwind
declare void @prism_print_int(i64) #0

; Function Attrs: nounwind
declare void @prism_rc_dec(i64) #0

; Function Attrs: nounwind
declare void @prism_print_nl() #0

attributes #0 = { nounwind }

== run ==
output: [13]
result: ()
