---
source: tests/snapshots.rs
expression: "prism::report(&src)"
input_file: tests/cases/fbip.pr
---
== tokens ==
VOpen Type UIdent("Pair") Eq UIdent("Pair") LParen KwInt Comma KwInt RParen VSemi Fn Ident("main") LParen RParen Colon KwInt Eq VOpen Let Ident("shared") Eq UIdent("Pair") LParen Int(IntLit { value: 1, suffix: None }) Comma Int(IntLit { value: 2, suffix: None }) RParen VSemi Let Ident("dead") Eq UIdent("Pair") LParen Int(IntLit { value: 7, suffix: None }) Comma Int(IntLit { value: 8, suffix: None }) RParen VSemi Match Ident("shared") Of VOpen UIdent("Pair") LParen Ident("a") Comma Ident("b") RParen FatArrow VOpen Match Ident("shared") Of VOpen UIdent("Pair") LParen Ident("c") Comma Ident("d") RParen FatArrow Ident("a") Plus Ident("b") Plus Ident("c") Plus Ident("d") VClose VClose VClose VClose VClose

== ast ==
Program {
    types: [
        DataDecl {
            name: "Pair",
            params: [],
            ctors: [
                Ctor {
                    name: "Pair",
                    args: [
                        Int,
                        Int,
                    ],
                    fields: None,
                },
            ],
            deriving: [],
            newtype: false,
            span: 0..26,
        },
    ],
    effects: [],
    errors: [],
    aliases: [],
    classes: [],
    instances: [],
    fns: [
        Decl {
            name: "main",
            params: [],
            ret: Some(
                Int,
            ),
            eff: None,
            constraints: [],
            body: Spanned {
                node: Let(
                    "shared",
                    Spanned {
                        node: Call(
                            Spanned {
                                node: Var(
                                    "Pair",
                                ),
                                span: 61..65,
                            },
                            [
                                Spanned {
                                    node: Int(
                                        IntLit {
                                            value: 1,
                                            suffix: None,
                                        },
                                    ),
                                    span: 66..67,
                                },
                                Spanned {
                                    node: Int(
                                        IntLit {
                                            value: 2,
                                            suffix: None,
                                        },
                                    ),
                                    span: 69..70,
                                },
                            ],
                        ),
                        span: 61..71,
                    },
                    Spanned {
                        node: Let(
                            "dead",
                            Spanned {
                                node: Call(
                                    Spanned {
                                        node: Var(
                                            "Pair",
                                        ),
                                        span: 85..89,
                                    },
                                    [
                                        Spanned {
                                            node: Int(
                                                IntLit {
                                                    value: 7,
                                                    suffix: None,
                                                },
                                            ),
                                            span: 90..91,
                                        },
                                        Spanned {
                                            node: Int(
                                                IntLit {
                                                    value: 8,
                                                    suffix: None,
                                                },
                                            ),
                                            span: 93..94,
                                        },
                                    ],
                                ),
                                span: 85..95,
                            },
                            Spanned {
                                node: Match(
                                    Spanned {
                                        node: Var(
                                            "shared",
                                        ),
                                        span: 104..110,
                                    },
                                    [
                                        Arm {
                                            pat: Spanned {
                                                node: Ctor(
                                                    "Pair",
                                                    [
                                                        Spanned {
                                                            node: Var(
                                                                "a",
                                                            ),
                                                            span: 123..124,
                                                        },
                                                        Spanned {
                                                            node: Var(
                                                                "b",
                                                            ),
                                                            span: 126..127,
                                                        },
                                                    ],
                                                ),
                                                span: 118..128,
                                            },
                                            body: Spanned {
                                                node: Match(
                                                    Spanned {
                                                        node: Var(
                                                            "shared",
                                                        ),
                                                        span: 144..150,
                                                    },
                                                    [
                                                        Arm {
                                                            pat: Spanned {
                                                                node: Ctor(
                                                                    "Pair",
                                                                    [
                                                                        Spanned {
                                                                            node: Var(
                                                                                "c",
                                                                            ),
                                                                            span: 167..168,
                                                                        },
                                                                        Spanned {
                                                                            node: Var(
                                                                                "d",
                                                                            ),
                                                                            span: 170..171,
                                                                        },
                                                                    ],
                                                                ),
                                                                span: 162..172,
                                                            },
                                                            body: Spanned {
                                                                node: Bin(
                                                                    Add,
                                                                    Spanned {
                                                                        node: Bin(
                                                                            Add,
                                                                            Spanned {
                                                                                node: Bin(
                                                                                    Add,
                                                                                    Spanned {
                                                                                        node: Var(
                                                                                            "a",
                                                                                        ),
                                                                                        span: 176..177,
                                                                                    },
                                                                                    Spanned {
                                                                                        node: Var(
                                                                                            "b",
                                                                                        ),
                                                                                        span: 180..181,
                                                                                    },
                                                                                ),
                                                                                span: 176..181,
                                                                            },
                                                                            Spanned {
                                                                                node: Var(
                                                                                    "c",
                                                                                ),
                                                                                span: 184..185,
                                                                            },
                                                                        ),
                                                                        span: 176..185,
                                                                    },
                                                                    Spanned {
                                                                        node: Var(
                                                                            "d",
                                                                        ),
                                                                        span: 188..189,
                                                                    },
                                                                ),
                                                                span: 176..189,
                                                            },
                                                        },
                                                    ],
                                                ),
                                                span: 138..189,
                                            },
                                        },
                                    ],
                                ),
                                span: 98..189,
                            },
                        ),
                        span: 74..189,
                    },
                ),
                span: 48..189,
            },
            wheres: [],
            span: 28..189,
        },
    ],
}

== types ==
main : () -> Int

== core (cbpv) ==
fn main() =
  return 1 to t@0; return 2 to t@1; return Pair(t@0, t@1) to shared; return 7 to t@2; return 8 to t@3; return Pair(t@2, t@3) to dead; return shared to t@4; case t@4 { Pair(a, b) => return shared to t@5; case t@5 { Pair(c, d) => return a to t@6; return b to t@7; t@6 + t@7 to t@8; return c to t@9; t@8 + t@9 to t@10; return d to t@11; t@10 + t@11 } }

== fbip (rc) ==
fn main() =
  return 1 to t@0; return 2 to t@1; return Pair(t@0, t@1) to shared; return 7 to t@2; return 8 to t@3; return Pair(t@2, t@3) to dead; drop dead to _; dup shared to _; return shared to t@4; case t@4 { Pair(a, b) => dup a to _; dup b to _; drop t@4 to _; return shared to t@5; case t@5 { Pair(c, d) => dup c to _; dup d to _; drop t@5 to _; return a to t@6; return b to t@7; t@6 + t@7 to t@8; return c to t@9; t@8 + t@9 to t@10; return d to t@11; t@10 + t@11 } }

== llvm ==
; ModuleID = 'prism'
source_filename = "prism"

define i64 @prism_main() {
entry:
  br i1 true, label %b0, label %b1

b0:                                               ; preds = %entry
  br i1 true, label %b3, label %b1

b1:                                               ; preds = %b0, %entry
  %t10 = call i64 @prism_rt_int_add(i64 3, i64 5)
  br label %b2

b3:                                               ; preds = %b0
  br label %b2

b2:                                               ; preds = %b1, %b3
  %t11 = phi i64 [ 7, %b3 ], [ %t10, %b1 ]
  call void @prism_rc_dec(i64 3)
  call void @prism_rc_dec(i64 5)
  %t12 = and i64 %t11, 3
  %t13 = and i64 %t12, 1
  %t14 = icmp eq i64 %t13, 1
  br i1 %t14, label %b4, label %b5

b4:                                               ; preds = %b2
  %t15 = ashr i64 %t11, 1
  %t17 = add i64 %t15, 1
  %t18 = shl i64 %t17, 1
  %t19 = ashr i64 %t18, 1
  %t20 = icmp eq i64 %t19, %t17
  br i1 %t20, label %b7, label %b5

b5:                                               ; preds = %b4, %b2
  %t22 = call i64 @prism_rt_int_add(i64 %t11, i64 3)
  br label %b6

b7:                                               ; preds = %b4
  %t21 = or i64 %t18, 1
  br label %b6

b6:                                               ; preds = %b5, %b7
  %t23 = phi i64 [ %t21, %b7 ], [ %t22, %b5 ]
  call void @prism_rc_dec(i64 %t11)
  call void @prism_rc_dec(i64 3)
  %t24 = and i64 %t23, 5
  %t25 = and i64 %t24, 1
  %t26 = icmp eq i64 %t25, 1
  br i1 %t26, label %b8, label %b9

b8:                                               ; preds = %b6
  %t27 = ashr i64 %t23, 1
  %t29 = add i64 %t27, 2
  %t30 = shl i64 %t29, 1
  %t31 = ashr i64 %t30, 1
  %t32 = icmp eq i64 %t31, %t29
  br i1 %t32, label %b11, label %b9

b9:                                               ; preds = %b8, %b6
  %t34 = call i64 @prism_rt_int_add(i64 %t23, i64 5)
  br label %b10

b11:                                              ; preds = %b8
  %t33 = or i64 %t30, 1
  br label %b10

b10:                                              ; preds = %b9, %b11
  %t35 = phi i64 [ %t33, %b11 ], [ %t34, %b9 ]
  call void @prism_rc_dec(i64 %t23)
  call void @prism_rc_dec(i64 5)
  ret i64 %t35
}

declare i64 @prism_rt_int_add(i64, i64)

declare void @prism_rc_dec(i64)

== run ==
output: []
result: 6
