---
source: tests/snapshots.rs
expression: "prism::report(&src)"
input_file: tests/cases/higher_eff.pr
---
== tokens ==
VOpen Effect UIdent("Exn") LBrace Ctl Ident("raise") LParen KwInt RParen Colon KwInt RBrace VSemi Fn Ident("apply") LParen Ident("f") Colon LParen KwInt RParen Arrow KwInt Bang LBrace UIdent("Exn") RBrace Comma Ident("x") Colon KwInt RParen Colon Bang LBrace UIdent("Exn") RBrace KwInt Eq Ident("f") LParen Ident("x") RParen VSemi Fn Ident("risky") LParen Ident("x") RParen Eq VOpen If Ident("x") EqEq Int(IntLit { value: 0, suffix: None }) Then VOpen Ident("raise") LParen Int(IntLit { value: 1, suffix: None }) RParen VClose VSemi Else VOpen Ident("x") VClose VClose VSemi Fn Ident("main") LParen RParen Eq VOpen Handle Ident("apply") LParen Ident("risky") Comma Int(IntLit { value: 0, suffix: None }) RParen With VOpen Ident("raise") LParen Ident("v") Comma Ident("k") RParen FatArrow Int(IntLit { value: 0, suffix: None }) Minus Ident("v") VSemi Return Ident("r") FatArrow Ident("r") VClose VClose VClose

== ast ==
Program {
    types: [],
    effects: [
        EffectDecl {
            name: "Exn",
            params: [],
            ops: [
                EffOp {
                    name: "raise",
                    params: [
                        Int,
                    ],
                    ret: Int,
                },
            ],
            span: 0..37,
        },
    ],
    errors: [],
    aliases: [],
    classes: [],
    instances: [],
    fns: [
        Decl {
            name: "apply",
            params: [
                Param {
                    name: "f",
                    ty: Some(
                        Fun(
                            [
                                Int,
                            ],
                            Cons(
                                [
                                    EffLabel {
                                        name: "Exn",
                                        args: [],
                                    },
                                ],
                                None,
                            ),
                            Int,
                        ),
                    ),
                    borrow: false,
                    default: None,
                },
                Param {
                    name: "x",
                    ty: Some(
                        Int,
                    ),
                    borrow: false,
                    default: None,
                },
            ],
            ret: Some(
                Int,
            ),
            eff: Some(
                [
                    EffLabel {
                        name: "Exn",
                        args: [],
                    },
                ],
            ),
            constraints: [],
            body: Spanned {
                node: Call(
                    Spanned {
                        node: Var(
                            "f",
                        ),
                        span: 98..99,
                    },
                    [
                        Spanned {
                            node: Var(
                                "x",
                            ),
                            span: 100..101,
                        },
                    ],
                ),
                span: 98..102,
            },
            wheres: [],
            span: 39..102,
        },
        Decl {
            name: "risky",
            params: [
                Param {
                    name: "x",
                    ty: None,
                    borrow: false,
                    default: None,
                },
            ],
            ret: None,
            eff: None,
            constraints: [],
            body: Spanned {
                node: If(
                    Spanned {
                        node: Bin(
                            Eq,
                            Spanned {
                                node: Var(
                                    "x",
                                ),
                                span: 123..124,
                            },
                            Spanned {
                                node: Int(
                                    IntLit {
                                        value: 0,
                                        suffix: None,
                                    },
                                ),
                                span: 128..129,
                            },
                        ),
                        span: 123..129,
                    },
                    Spanned {
                        node: Call(
                            Spanned {
                                node: Var(
                                    "raise",
                                ),
                                span: 139..144,
                            },
                            [
                                Spanned {
                                    node: Int(
                                        IntLit {
                                            value: 1,
                                            suffix: None,
                                        },
                                    ),
                                    span: 145..146,
                                },
                            ],
                        ),
                        span: 139..147,
                    },
                    Spanned {
                        node: Var(
                            "x",
                        ),
                        span: 159..160,
                    },
                ),
                span: 120..160,
            },
            wheres: [],
            span: 104..160,
        },
        Decl {
            name: "main",
            params: [],
            ret: None,
            eff: None,
            constraints: [],
            body: Spanned {
                node: Handle(
                    Spanned {
                        node: Call(
                            Spanned {
                                node: Var(
                                    "apply",
                                ),
                                span: 183..188,
                            },
                            [
                                Spanned {
                                    node: Var(
                                        "risky",
                                    ),
                                    span: 189..194,
                                },
                                Spanned {
                                    node: Int(
                                        IntLit {
                                            value: 0,
                                            suffix: None,
                                        },
                                    ),
                                    span: 196..197,
                                },
                            ],
                        ),
                        span: 183..198,
                    },
                    [
                        Op(
                            "raise",
                            [
                                "v",
                            ],
                            "k",
                            Spanned {
                                node: Bin(
                                    Sub,
                                    Spanned {
                                        node: Int(
                                            IntLit {
                                                value: 0,
                                                suffix: None,
                                            },
                                        ),
                                        span: 223..224,
                                    },
                                    Spanned {
                                        node: Var(
                                            "v",
                                        ),
                                        span: 227..228,
                                    },
                                ),
                                span: 223..228,
                            },
                        ),
                        Return(
                            "r",
                            Spanned {
                                node: Var(
                                    "r",
                                ),
                                span: 245..246,
                            },
                        ),
                    ],
                ),
                span: 176..246,
            },
            wheres: [],
            span: 162..246,
        },
    ],
}

== types ==
apply : ((Int) -> Int ! {Exn}, Int) -> Int ! {Exn}
risky : (Int) -> Int ! {Exn}
main : () -> Int

== core (cbpv) ==
fn apply(f, x) =
  return x to t@0; return f to t@1; (force t@1)(t@0)
fn risky(x) =
  return x to t@2; return 0 to t@3; t@2 == t@3 to t@5; if t@5 then (return 1 to t@4; do raise(t@4)) else (return x)
fn main() =
  handle { return thunk { \_p0. risky(_p0) } to t@6; return 0 to t@7; apply(t@6, t@7) } with { raise(v, k) => return 0 to t@8; return v to t@9; t@8 - t@9, return r => return r }

== fbip (rc) ==
fn apply(f, x) =
  return x to t@0; return f to t@1; (force t@1)(t@0)
fn risky(x) =
  dup x to _; return x to t@2; return 0 to t@3; t@2 == t@3 to t@5; if t@5 then (drop x to _; drop t@5 to _; return 1 to t@4; do raise(t@4)) else (drop t@5 to _; return x)
fn main() =
  handle { return thunk { \_p0. risky(_p0) } to t@6; return 0 to t@7; apply(t@6, t@7) } with { raise(v, k) => return 0 to t@8; return v to t@9; t@8 - t@9, return r => return r }

== llvm ==
; ModuleID = 'prism'
source_filename = "prism"

@.str0 = private constant [25 x i8] c"unhandled effect `raise`\00"
@.str1 = private constant [17 x i8] c"unhandled effect\00"

define i64 @prism_main() {
entry:
  %t0 = call ptr @prism_alloc(i64 0)
  %0 = ptrtoint ptr %t0 to i64
  %1 = add i64 %0, 8
  %t1 = inttoptr i64 %1 to ptr
  store i64 0, ptr %t1, align 8
  %t2 = ptrtoint ptr %t0 to i64
  %t3 = call ptr @prism_alloc(i64 1)
  %2 = ptrtoint ptr %t3 to i64
  %3 = add i64 %2, 8
  %t4 = inttoptr i64 %3 to ptr
  store i64 0, ptr %t4, align 8
  %4 = ptrtoint ptr %t3 to i64
  %5 = add i64 %4, 24
  %t5 = inttoptr i64 %5 to ptr
  store i64 %t2, ptr %t5, align 8
  %t6 = ptrtoint ptr %t3 to i64
  %t7 = call ptr @prism_alloc(i64 0)
  %6 = ptrtoint ptr %t7 to i64
  %7 = add i64 %6, 8
  %t8 = inttoptr i64 %7 to ptr
  store i64 1, ptr %t8, align 8
  %t9 = ptrtoint ptr %t7 to i64
  %t10 = call i64 @prism_ebind(i64 %t6, i64 %t9)
  %t11 = call i64 @prism_7.handle(i64 %t10)
  %t12 = inttoptr i64 %t11 to ptr
  %8 = ptrtoint ptr %t12 to i64
  %9 = add i64 %8, 8
  %t13 = inttoptr i64 %9 to ptr
  %t14 = load i64, ptr %t13, align 8
  switch i64 %t14, label %b1 [
    i64 0, label %b2
    i64 1, label %b3
  ]

b2:                                               ; preds = %entry
  %10 = ptrtoint ptr %t12 to i64
  %11 = add i64 %10, 24
  %t15 = inttoptr i64 %11 to ptr
  %t16 = load i64, ptr %t15, align 8
  call void @prism_rc_inc(i64 %t16)
  call void @prism_rc_dec(i64 %t11)
  ret i64 %t16

b3:                                               ; preds = %entry
  %12 = ptrtoint ptr %t12 to i64
  %13 = add i64 %12, 24
  %t19 = inttoptr i64 %13 to ptr
  %t20 = load i64, ptr %t19, align 8
  %14 = ptrtoint ptr %t12 to i64
  %15 = add i64 %14, 32
  %t21 = inttoptr i64 %15 to ptr
  %t22 = load i64, ptr %t21, align 8
  %16 = ptrtoint ptr %t12 to i64
  %17 = add i64 %16, 40
  %t23 = inttoptr i64 %17 to ptr
  %t24 = load i64, ptr %t23, align 8
  %18 = ptrtoint ptr %t12 to i64
  %19 = add i64 %18, 48
  %t25 = inttoptr i64 %19 to ptr
  %t26 = load i64, ptr %t25, align 8
  call void @prism_rc_inc(i64 %t20)
  call void @prism_rc_dec(i64 %t11)
  %t29 = and i64 %t20, 1
  %t30 = and i64 %t29, 1
  %t31 = icmp eq i64 %t30, 1
  br i1 %t31, label %b4, label %b5

b1:                                               ; preds = %entry
  unreachable

b4:                                               ; preds = %b3
  %t32 = icmp eq i64 %t20, 1
  %t33 = zext i1 %t32 to i64
  %t34 = shl i64 %t33, 1
  %t35 = or i64 %t34, 1
  br label %b6

b5:                                               ; preds = %b3
  %t36 = call i64 @prism_rt_int_cmp(i64 %t20, i64 1)
  %t37 = icmp eq i64 %t36, 0
  %t38 = zext i1 %t37 to i64
  %t39 = shl i64 %t38, 1
  %t40 = or i64 %t39, 1
  br label %b6

b6:                                               ; preds = %b5, %b4
  %t41 = phi i64 [ %t35, %b4 ], [ %t40, %b5 ]
  call void @prism_rc_dec(i64 %t20)
  call void @prism_rc_dec(i64 1)
  %t42 = icmp ne i64 %t41, 1
  br i1 %t42, label %b7, label %b8

b7:                                               ; preds = %b6
  call void @prism_rc_dec(i64 %t41)
  %t44 = call i64 @prism_str_lit(ptr @.str0, i64 24)
  call void @prism_fatal(i64 %t44)
  ret i64 0

b8:                                               ; preds = %b6
  call void @prism_rc_dec(i64 %t41)
  %t46 = call i64 @prism_str_lit(ptr @.str1, i64 16)
  call void @prism_fatal(i64 %t46)
  ret i64 0
}

declare ptr @prism_alloc(i64)

define i64 @prism_ebind(i64 %a0, i64 %a1) {
entry:
  call void @prism_drive_step()
  %t0 = inttoptr i64 %a0 to ptr
  %0 = ptrtoint ptr %t0 to i64
  %1 = add i64 %0, 8
  %t1 = inttoptr i64 %1 to ptr
  %t2 = load i64, ptr %t1, align 8
  switch i64 %t2, label %b1 [
    i64 0, label %b2
    i64 1, label %b3
  ]

b2:                                               ; preds = %entry
  %2 = ptrtoint ptr %t0 to i64
  %3 = add i64 %2, 24
  %t3 = inttoptr i64 %3 to ptr
  %t4 = load i64, ptr %t3, align 8
  call void @prism_rc_inc(i64 %t4)
  call void @prism_rc_dec(i64 %a0)
  %t7 = call i64 @prism_apply_1(i64 %a1, i64 %t4)
  call void @prism_rc_dec(i64 %a1)
  ret i64 %t7

b3:                                               ; preds = %entry
  %4 = ptrtoint ptr %t0 to i64
  %5 = add i64 %4, 24
  %t8 = inttoptr i64 %5 to ptr
  %t9 = load i64, ptr %t8, align 8
  %6 = ptrtoint ptr %t0 to i64
  %7 = add i64 %6, 32
  %t10 = inttoptr i64 %7 to ptr
  %t11 = load i64, ptr %t10, align 8
  %8 = ptrtoint ptr %t0 to i64
  %9 = add i64 %8, 40
  %t12 = inttoptr i64 %9 to ptr
  %t13 = load i64, ptr %t12, align 8
  %10 = ptrtoint ptr %t0 to i64
  %11 = add i64 %10, 48
  %t14 = inttoptr i64 %11 to ptr
  %t15 = load i64, ptr %t14, align 8
  call void @prism_rc_inc(i64 %t13)
  call void @prism_rc_inc(i64 %t9)
  call void @prism_rc_inc(i64 %t15)
  call void @prism_rc_inc(i64 %t11)
  %t20 = call i64 @prism_reuse_token(i64 %a0)
  %t21 = call i64 @prism_taq_snoc(i64 %t15, i64 %a1)
  call void @prism_rc_dec(i64 %t15)
  call void @prism_rc_dec(i64 %a1)
  %t22 = call ptr @prism_reuse_alloc(i64 %t20, i64 4)
  %12 = ptrtoint ptr %t22 to i64
  %13 = add i64 %12, 8
  %t23 = inttoptr i64 %13 to ptr
  store i64 1, ptr %t23, align 8
  %14 = ptrtoint ptr %t22 to i64
  %15 = add i64 %14, 24
  %t24 = inttoptr i64 %15 to ptr
  store i64 %t9, ptr %t24, align 8
  %16 = ptrtoint ptr %t22 to i64
  %17 = add i64 %16, 32
  %t25 = inttoptr i64 %17 to ptr
  store i64 %t11, ptr %t25, align 8
  %18 = ptrtoint ptr %t22 to i64
  %19 = add i64 %18, 40
  %t26 = inttoptr i64 %19 to ptr
  store i64 %t13, ptr %t26, align 8
  %20 = ptrtoint ptr %t22 to i64
  %21 = add i64 %20, 48
  %t27 = inttoptr i64 %21 to ptr
  store i64 %t21, ptr %t27, align 8
  %t28 = ptrtoint ptr %t22 to i64
  ret i64 %t28

b1:                                               ; preds = %entry
  unreachable
}

define i64 @prism_7.handle(i64 %a0) {
entry:
  call void @prism_drive_step()
  %t0 = inttoptr i64 %a0 to ptr
  %0 = ptrtoint ptr %t0 to i64
  %1 = add i64 %0, 8
  %t1 = inttoptr i64 %1 to ptr
  %t2 = load i64, ptr %t1, align 8
  switch i64 %t2, label %b1 [
    i64 0, label %b2
    i64 1, label %b3
  ]

b2:                                               ; preds = %entry
  %2 = ptrtoint ptr %t0 to i64
  %3 = add i64 %2, 24
  %t3 = inttoptr i64 %3 to ptr
  %t4 = load i64, ptr %t3, align 8
  call void @prism_rc_inc(i64 %t4)
  %t6 = call i64 @prism_reuse_token(i64 %a0)
  %t7 = call ptr @prism_reuse_alloc(i64 %t6, i64 1)
  %4 = ptrtoint ptr %t7 to i64
  %5 = add i64 %4, 8
  %t8 = inttoptr i64 %5 to ptr
  store i64 0, ptr %t8, align 8
  %6 = ptrtoint ptr %t7 to i64
  %7 = add i64 %6, 24
  %t9 = inttoptr i64 %7 to ptr
  store i64 %t4, ptr %t9, align 8
  %t10 = ptrtoint ptr %t7 to i64
  ret i64 %t10

b3:                                               ; preds = %entry
  %8 = ptrtoint ptr %t0 to i64
  %9 = add i64 %8, 24
  %t11 = inttoptr i64 %9 to ptr
  %t12 = load i64, ptr %t11, align 8
  %10 = ptrtoint ptr %t0 to i64
  %11 = add i64 %10, 32
  %t13 = inttoptr i64 %11 to ptr
  %t14 = load i64, ptr %t13, align 8
  %12 = ptrtoint ptr %t0 to i64
  %13 = add i64 %12, 40
  %t15 = inttoptr i64 %13 to ptr
  %t16 = load i64, ptr %t15, align 8
  %14 = ptrtoint ptr %t0 to i64
  %15 = add i64 %14, 48
  %t17 = inttoptr i64 %15 to ptr
  %t18 = load i64, ptr %t17, align 8
  call void @prism_rc_inc(i64 %t12)
  call void @prism_rc_inc(i64 %t14)
  call void @prism_rc_inc(i64 %t16)
  call void @prism_rc_inc(i64 %t18)
  %t23 = call i64 @prism_reuse_token(i64 %a0)
  call void @prism_rc_inc(i64 %t12)
  %t25 = and i64 %t12, 1
  %t26 = and i64 %t25, 1
  %t27 = icmp eq i64 %t26, 1
  br i1 %t27, label %b4, label %b5

b1:                                               ; preds = %entry
  unreachable

b4:                                               ; preds = %b3
  %t28 = icmp eq i64 %t12, 1
  %t29 = zext i1 %t28 to i64
  %t30 = shl i64 %t29, 1
  %t31 = or i64 %t30, 1
  br label %b6

b5:                                               ; preds = %b3
  %t32 = call i64 @prism_rt_int_cmp(i64 %t12, i64 1)
  %t33 = icmp eq i64 %t32, 0
  %t34 = zext i1 %t33 to i64
  %t35 = shl i64 %t34, 1
  %t36 = or i64 %t35, 1
  br label %b6

b6:                                               ; preds = %b5, %b4
  %t37 = phi i64 [ %t31, %b4 ], [ %t36, %b5 ]
  call void @prism_rc_dec(i64 %t12)
  call void @prism_rc_dec(i64 1)
  %t38 = icmp ne i64 %t37, 1
  br i1 %t38, label %b7, label %b8

b7:                                               ; preds = %b6
  call void @prism_rc_dec(i64 %t37)
  call void @prism_rc_inc(i64 %t14)
  %t41 = and i64 %t14, 1
  %t42 = and i64 %t41, 1
  %t43 = icmp eq i64 %t42, 1
  br i1 %t43, label %b9, label %b10

b8:                                               ; preds = %b6
  call void @prism_rc_dec(i64 %t37)
  %t94 = call ptr @prism_alloc(i64 1)
  %16 = ptrtoint ptr %t94 to i64
  %17 = add i64 %16, 8
  %t95 = inttoptr i64 %17 to ptr
  store i64 4, ptr %t95, align 8
  %18 = ptrtoint ptr %t94 to i64
  %19 = add i64 %18, 24
  %t96 = inttoptr i64 %19 to ptr
  store i64 %t18, ptr %t96, align 8
  %t97 = ptrtoint ptr %t94 to i64
  %t98 = call i64 @prism_taq_snoc(i64 0, i64 %t97)
  call void @prism_rc_dec(i64 0)
  call void @prism_rc_dec(i64 %t97)
  %t99 = call ptr @prism_reuse_alloc(i64 %t23, i64 4)
  %20 = ptrtoint ptr %t99 to i64
  %21 = add i64 %20, 8
  %t100 = inttoptr i64 %21 to ptr
  store i64 1, ptr %t100, align 8
  %22 = ptrtoint ptr %t99 to i64
  %23 = add i64 %22, 24
  %t101 = inttoptr i64 %23 to ptr
  store i64 %t12, ptr %t101, align 8
  %24 = ptrtoint ptr %t99 to i64
  %25 = add i64 %24, 32
  %t102 = inttoptr i64 %25 to ptr
  store i64 %t14, ptr %t102, align 8
  %26 = ptrtoint ptr %t99 to i64
  %27 = add i64 %26, 40
  %t103 = inttoptr i64 %27 to ptr
  store i64 %t16, ptr %t103, align 8
  %28 = ptrtoint ptr %t99 to i64
  %29 = add i64 %28, 48
  %t104 = inttoptr i64 %29 to ptr
  store i64 %t98, ptr %t104, align 8
  %t105 = ptrtoint ptr %t99 to i64
  ret i64 %t105

b9:                                               ; preds = %b7
  %t44 = icmp eq i64 %t14, 1
  %t45 = zext i1 %t44 to i64
  %t46 = shl i64 %t45, 1
  %t47 = or i64 %t46, 1
  br label %b11

b10:                                              ; preds = %b7
  %t48 = call i64 @prism_rt_int_cmp(i64 %t14, i64 1)
  %t49 = icmp eq i64 %t48, 0
  %t50 = zext i1 %t49 to i64
  %t51 = shl i64 %t50, 1
  %t52 = or i64 %t51, 1
  br label %b11

b11:                                              ; preds = %b10, %b9
  %t53 = phi i64 [ %t47, %b9 ], [ %t52, %b10 ]
  call void @prism_rc_dec(i64 %t14)
  call void @prism_rc_dec(i64 1)
  %t54 = icmp ne i64 %t53, 1
  br i1 %t54, label %b12, label %b13

b12:                                              ; preds = %b11
  call void @prism_rc_dec(i64 %t53)
  call void @prism_rc_dec(i64 %t18)
  call void @prism_rc_dec(i64 %t14)
  call void @prism_rc_dec(i64 %t12)
  %t59 = call ptr @prism_reuse_alloc(i64 %t23, i64 1)
  %30 = ptrtoint ptr %t59 to i64
  %31 = add i64 %30, 8
  %t60 = inttoptr i64 %31 to ptr
  store i64 0, ptr %t60, align 8
  %32 = ptrtoint ptr %t59 to i64
  %33 = add i64 %32, 24
  %t61 = inttoptr i64 %33 to ptr
  store i64 1, ptr %t61, align 8
  %t62 = ptrtoint ptr %t59 to i64
  %t63 = call ptr @prism_alloc(i64 1)
  %34 = ptrtoint ptr %t63 to i64
  %35 = add i64 %34, 8
  %t64 = inttoptr i64 %35 to ptr
  store i64 2, ptr %t64, align 8
  %36 = ptrtoint ptr %t63 to i64
  %37 = add i64 %36, 24
  %t65 = inttoptr i64 %37 to ptr
  store i64 %t16, ptr %t65, align 8
  %t66 = ptrtoint ptr %t63 to i64
  %t67 = call i64 @prism_ebind(i64 %t62, i64 %t66)
  ret i64 %t67

b13:                                              ; preds = %b11
  call void @prism_rc_dec(i64 %t53)
  %t69 = and i64 %t14, 3
  %t70 = and i64 %t69, 1
  %t71 = icmp eq i64 %t70, 1
  br i1 %t71, label %b14, label %b15

b14:                                              ; preds = %b13
  %t72 = ashr i64 %t14, 1
  %t74 = sub i64 %t72, 1
  %t75 = shl i64 %t74, 1
  %t76 = ashr i64 %t75, 1
  %t77 = icmp eq i64 %t76, %t74
  br i1 %t77, label %b17, label %b15

b15:                                              ; preds = %b14, %b13
  %t79 = call i64 @prism_rt_int_sub(i64 %t14, i64 3)
  br label %b16

b17:                                              ; preds = %b14
  %t78 = or i64 %t75, 1
  br label %b16

b16:                                              ; preds = %b15, %b17
  %t80 = phi i64 [ %t78, %b17 ], [ %t79, %b15 ]
  call void @prism_rc_dec(i64 %t14)
  call void @prism_rc_dec(i64 3)
  %t81 = call ptr @prism_alloc(i64 1)
  %38 = ptrtoint ptr %t81 to i64
  %39 = add i64 %38, 8
  %t82 = inttoptr i64 %39 to ptr
  store i64 3, ptr %t82, align 8
  %40 = ptrtoint ptr %t81 to i64
  %41 = add i64 %40, 24
  %t83 = inttoptr i64 %41 to ptr
  store i64 %t18, ptr %t83, align 8
  %t84 = ptrtoint ptr %t81 to i64
  %t85 = call i64 @prism_taq_snoc(i64 0, i64 %t84)
  call void @prism_rc_dec(i64 0)
  call void @prism_rc_dec(i64 %t84)
  %t86 = call ptr @prism_reuse_alloc(i64 %t23, i64 4)
  %42 = ptrtoint ptr %t86 to i64
  %43 = add i64 %42, 8
  %t87 = inttoptr i64 %43 to ptr
  store i64 1, ptr %t87, align 8
  %44 = ptrtoint ptr %t86 to i64
  %45 = add i64 %44, 24
  %t88 = inttoptr i64 %45 to ptr
  store i64 %t12, ptr %t88, align 8
  %46 = ptrtoint ptr %t86 to i64
  %47 = add i64 %46, 32
  %t89 = inttoptr i64 %47 to ptr
  store i64 %t80, ptr %t89, align 8
  %48 = ptrtoint ptr %t86 to i64
  %49 = add i64 %48, 40
  %t90 = inttoptr i64 %49 to ptr
  store i64 %t16, ptr %t90, align 8
  %50 = ptrtoint ptr %t86 to i64
  %51 = add i64 %50, 48
  %t91 = inttoptr i64 %51 to ptr
  store i64 %t85, ptr %t91, align 8
  %t92 = ptrtoint ptr %t86 to i64
  ret i64 %t92
}

declare void @prism_rc_inc(i64)

declare void @prism_rc_dec(i64)

declare i64 @prism_rt_int_cmp(i64, i64)

declare i64 @prism_str_lit(ptr, i64)

declare void @prism_fatal(i64)

declare void @prism_drive_step()

declare i64 @prism_reuse_token(i64)

declare ptr @prism_reuse_alloc(i64, i64)

declare i64 @prism_rt_int_sub(i64, i64)

declare i64 @prism_taq_snoc(i64, i64)

define i64 @prism_apply_1(i64 %_clos, i64 %_a0) {
entry:
  %_cp = inttoptr i64 %_clos to ptr
  %0 = ptrtoint ptr %_cp to i64
  %1 = add i64 %0, 8
  %_tp = inttoptr i64 %1 to ptr
  %_tag = load i64, ptr %_tp, align 8
  switch i64 %_tag, label %_dead [
    i64 0, label %_lam0
    i64 1, label %_lam1
    i64 2, label %_lam2
    i64 3, label %_lam3
    i64 4, label %_lam4
    i64 5, label %_lam5
    i64 6, label %_lam6
    i64 7, label %_lam7
    i64 8, label %_lam8
    i64 9, label %_lam9
    i64 10, label %_lam10
    i64 11, label %_lam11
    i64 12, label %_lam12
  ]

_lam0:                                            ; preds = %entry
  %_r0 = call i64 @prism_lam_0(i64 %_a0)
  br label %_merge

_lam1:                                            ; preds = %entry
  %_r1 = call i64 @prism_lam_1(i64 %_a0)
  br label %_merge

_lam2:                                            ; preds = %entry
  %2 = ptrtoint ptr %_cp to i64
  %3 = add i64 %2, 24
  %_fp2_0 = inttoptr i64 %3 to ptr
  %_fv2_0 = load i64, ptr %_fp2_0, align 8
  %_r2 = call i64 @prism_lam_2(i64 %_fv2_0, i64 %_a0)
  br label %_merge

_lam3:                                            ; preds = %entry
  %4 = ptrtoint ptr %_cp to i64
  %5 = add i64 %4, 24
  %_fp3_0 = inttoptr i64 %5 to ptr
  %_fv3_0 = load i64, ptr %_fp3_0, align 8
  %_r3 = call i64 @prism_lam_3(i64 %_fv3_0, i64 %_a0)
  br label %_merge

_lam4:                                            ; preds = %entry
  %6 = ptrtoint ptr %_cp to i64
  %7 = add i64 %6, 24
  %_fp4_0 = inttoptr i64 %7 to ptr
  %_fv4_0 = load i64, ptr %_fp4_0, align 8
  %_r4 = call i64 @prism_lam_4(i64 %_fv4_0, i64 %_a0)
  br label %_merge

_lam5:                                            ; preds = %entry
  %_r5 = call i64 @prism_lam_5(i64 %_a0)
  br label %_merge

_lam6:                                            ; preds = %entry
  %8 = ptrtoint ptr %_cp to i64
  %9 = add i64 %8, 24
  %_fp6_0 = inttoptr i64 %9 to ptr
  %_fv6_0 = load i64, ptr %_fp6_0, align 8
  %_r6 = call i64 @prism_lam_6(i64 %_fv6_0, i64 %_a0)
  br label %_merge

_lam7:                                            ; preds = %entry
  %10 = ptrtoint ptr %_cp to i64
  %11 = add i64 %10, 24
  %_fp7_0 = inttoptr i64 %11 to ptr
  %_fv7_0 = load i64, ptr %_fp7_0, align 8
  %_r7 = call i64 @prism_lam_7(i64 %_fv7_0, i64 %_a0)
  br label %_merge

_lam8:                                            ; preds = %entry
  %12 = ptrtoint ptr %_cp to i64
  %13 = add i64 %12, 24
  %_fp8_0 = inttoptr i64 %13 to ptr
  %_fv8_0 = load i64, ptr %_fp8_0, align 8
  %_r8 = call i64 @prism_lam_8(i64 %_fv8_0, i64 %_a0)
  br label %_merge

_lam9:                                            ; preds = %entry
  %14 = ptrtoint ptr %_cp to i64
  %15 = add i64 %14, 24
  %_fp9_0 = inttoptr i64 %15 to ptr
  %_fv9_0 = load i64, ptr %_fp9_0, align 8
  %_r9 = call i64 @prism_lam_9(i64 %_fv9_0, i64 %_a0)
  br label %_merge

_lam10:                                           ; preds = %entry
  %_r10 = call i64 @prism_lam_10(i64 %_a0)
  br label %_merge

_lam11:                                           ; preds = %entry
  %16 = ptrtoint ptr %_cp to i64
  %17 = add i64 %16, 24
  %_fp11_0 = inttoptr i64 %17 to ptr
  %_fv11_0 = load i64, ptr %_fp11_0, align 8
  %_r11 = call i64 @prism_lam_11(i64 %_fv11_0, i64 %_a0)
  br label %_merge

_lam12:                                           ; preds = %entry
  %18 = ptrtoint ptr %_cp to i64
  %19 = add i64 %18, 24
  %_fp12_0 = inttoptr i64 %19 to ptr
  %_fv12_0 = load i64, ptr %_fp12_0, align 8
  %_r12 = call i64 @prism_lam_12(i64 %_fv12_0, i64 %_a0)
  br label %_merge

_dead:                                            ; preds = %entry
  call void @prism_apply_error()
  unreachable

_merge:                                           ; preds = %_lam12, %_lam11, %_lam10, %_lam9, %_lam8, %_lam7, %_lam6, %_lam5, %_lam4, %_lam3, %_lam2, %_lam1, %_lam0
  %_result = phi i64 [ %_r0, %_lam0 ], [ %_r1, %_lam1 ], [ %_r2, %_lam2 ], [ %_r3, %_lam3 ], [ %_r4, %_lam4 ], [ %_r5, %_lam5 ], [ %_r6, %_lam6 ], [ %_r7, %_lam7 ], [ %_r8, %_lam8 ], [ %_r9, %_lam9 ], [ %_r10, %_lam10 ], [ %_r11, %_lam11 ], [ %_r12, %_lam12 ]
  ret i64 %_result
}

define i64 @prism_qApply(i64 %a0, i64 %a1) {
entry:
  call void @prism_drive_step()
  %t0 = call i64 @prism_taq_uncons(i64 %a0)
  call void @prism_rc_dec(i64 %a0)
  %t1 = inttoptr i64 %t0 to ptr
  %0 = ptrtoint ptr %t1 to i64
  %1 = add i64 %0, 8
  %t2 = inttoptr i64 %1 to ptr
  %t3 = load i64, ptr %t2, align 8
  switch i64 %t3, label %b1 [
    i64 0, label %b2
    i64 1, label %b3
  ]

b2:                                               ; preds = %entry
  call void @prism_rc_dec(i64 %t0)
  %t5 = call ptr @prism_alloc(i64 1)
  %2 = ptrtoint ptr %t5 to i64
  %3 = add i64 %2, 8
  %t6 = inttoptr i64 %3 to ptr
  store i64 0, ptr %t6, align 8
  %4 = ptrtoint ptr %t5 to i64
  %5 = add i64 %4, 24
  %t7 = inttoptr i64 %5 to ptr
  store i64 %a1, ptr %t7, align 8
  %t8 = ptrtoint ptr %t5 to i64
  ret i64 %t8

b3:                                               ; preds = %entry
  %6 = ptrtoint ptr %t1 to i64
  %7 = add i64 %6, 24
  %t9 = inttoptr i64 %7 to ptr
  %t10 = load i64, ptr %t9, align 8
  %8 = ptrtoint ptr %t1 to i64
  %9 = add i64 %8, 32
  %t11 = inttoptr i64 %9 to ptr
  %t12 = load i64, ptr %t11, align 8
  call void @prism_rc_inc(i64 %t10)
  call void @prism_rc_inc(i64 %t12)
  call void @prism_rc_dec(i64 %t0)
  %t16 = call i64 @prism_apply_1(i64 %t10, i64 %a1)
  call void @prism_rc_dec(i64 %t10)
  %t17 = inttoptr i64 %t16 to ptr
  %10 = ptrtoint ptr %t17 to i64
  %11 = add i64 %10, 8
  %t18 = inttoptr i64 %11 to ptr
  %t19 = load i64, ptr %t18, align 8
  switch i64 %t19, label %b5 [
    i64 0, label %b6
    i64 1, label %b7
  ]

b1:                                               ; preds = %entry
  unreachable

b6:                                               ; preds = %b3
  %12 = ptrtoint ptr %t17 to i64
  %13 = add i64 %12, 24
  %t20 = inttoptr i64 %13 to ptr
  %t21 = load i64, ptr %t20, align 8
  call void @prism_rc_inc(i64 %t21)
  call void @prism_rc_dec(i64 %t16)
  %t24 = musttail call i64 @prism_qApply(i64 %t12, i64 %t21)
  ret i64 %t24

b7:                                               ; preds = %b3
  %14 = ptrtoint ptr %t17 to i64
  %15 = add i64 %14, 24
  %t25 = inttoptr i64 %15 to ptr
  %t26 = load i64, ptr %t25, align 8
  %16 = ptrtoint ptr %t17 to i64
  %17 = add i64 %16, 32
  %t27 = inttoptr i64 %17 to ptr
  %t28 = load i64, ptr %t27, align 8
  %18 = ptrtoint ptr %t17 to i64
  %19 = add i64 %18, 40
  %t29 = inttoptr i64 %19 to ptr
  %t30 = load i64, ptr %t29, align 8
  %20 = ptrtoint ptr %t17 to i64
  %21 = add i64 %20, 48
  %t31 = inttoptr i64 %21 to ptr
  %t32 = load i64, ptr %t31, align 8
  call void @prism_rc_inc(i64 %t30)
  call void @prism_rc_inc(i64 %t26)
  call void @prism_rc_inc(i64 %t32)
  call void @prism_rc_inc(i64 %t28)
  %t37 = call i64 @prism_reuse_token(i64 %t16)
  %t38 = call i64 @prism_taq_concat(i64 %t32, i64 %t12)
  call void @prism_rc_dec(i64 %t32)
  call void @prism_rc_dec(i64 %t12)
  %t39 = call ptr @prism_reuse_alloc(i64 %t37, i64 4)
  %22 = ptrtoint ptr %t39 to i64
  %23 = add i64 %22, 8
  %t40 = inttoptr i64 %23 to ptr
  store i64 1, ptr %t40, align 8
  %24 = ptrtoint ptr %t39 to i64
  %25 = add i64 %24, 24
  %t41 = inttoptr i64 %25 to ptr
  store i64 %t26, ptr %t41, align 8
  %26 = ptrtoint ptr %t39 to i64
  %27 = add i64 %26, 32
  %t42 = inttoptr i64 %27 to ptr
  store i64 %t28, ptr %t42, align 8
  %28 = ptrtoint ptr %t39 to i64
  %29 = add i64 %28, 40
  %t43 = inttoptr i64 %29 to ptr
  store i64 %t30, ptr %t43, align 8
  %30 = ptrtoint ptr %t39 to i64
  %31 = add i64 %30, 48
  %t44 = inttoptr i64 %31 to ptr
  store i64 %t38, ptr %t44, align 8
  %t45 = ptrtoint ptr %t39 to i64
  ret i64 %t45

b5:                                               ; preds = %b3
  unreachable
}

declare i64 @prism_taq_uncons(i64)

declare i64 @prism_taq_concat(i64, i64)

define i64 @prism_lam_0(i64 %_p0) {
entry:
  call void @prism_rc_inc(i64 %_p0)
  %t1 = call ptr @prism_alloc(i64 1)
  %0 = ptrtoint ptr %t1 to i64
  %1 = add i64 %0, 8
  %t2 = inttoptr i64 %1 to ptr
  store i64 0, ptr %t2, align 8
  %2 = ptrtoint ptr %t1 to i64
  %3 = add i64 %2, 24
  %t3 = inttoptr i64 %3 to ptr
  store i64 %_p0, ptr %t3, align 8
  %t4 = ptrtoint ptr %t1 to i64
  %t5 = call ptr @prism_alloc(i64 0)
  %4 = ptrtoint ptr %t5 to i64
  %5 = add i64 %4, 8
  %t6 = inttoptr i64 %5 to ptr
  store i64 5, ptr %t6, align 8
  %t7 = ptrtoint ptr %t5 to i64
  %t8 = call i64 @prism_ebind(i64 %t4, i64 %t7)
  %t9 = call ptr @prism_alloc(i64 1)
  %6 = ptrtoint ptr %t9 to i64
  %7 = add i64 %6, 8
  %t10 = inttoptr i64 %7 to ptr
  store i64 6, ptr %t10, align 8
  %8 = ptrtoint ptr %t9 to i64
  %9 = add i64 %8, 24
  %t11 = inttoptr i64 %9 to ptr
  store i64 %_p0, ptr %t11, align 8
  %t12 = ptrtoint ptr %t9 to i64
  %t13 = call i64 @prism_ebind(i64 %t8, i64 %t12)
  ret i64 %t13
}

define i64 @prism_lam_1(i64 %_p0) {
entry:
  %t0 = call ptr @prism_alloc(i64 1)
  %0 = ptrtoint ptr %t0 to i64
  %1 = add i64 %0, 8
  %t1 = inttoptr i64 %1 to ptr
  store i64 0, ptr %t1, align 8
  %2 = ptrtoint ptr %t0 to i64
  %3 = add i64 %2, 24
  %t2 = inttoptr i64 %3 to ptr
  store i64 1, ptr %t2, align 8
  %t3 = ptrtoint ptr %t0 to i64
  %t4 = call ptr @prism_alloc(i64 1)
  %4 = ptrtoint ptr %t4 to i64
  %5 = add i64 %4, 8
  %t5 = inttoptr i64 %5 to ptr
  store i64 7, ptr %t5, align 8
  %6 = ptrtoint ptr %t4 to i64
  %7 = add i64 %6, 24
  %t6 = inttoptr i64 %7 to ptr
  store i64 %_p0, ptr %t6, align 8
  %t7 = ptrtoint ptr %t4 to i64
  %t8 = call i64 @prism_ebind(i64 %t3, i64 %t7)
  ret i64 %t8
}

define i64 @prism_lam_2(i64 %_fv0, i64 %_p0) {
entry:
  call void @prism_rc_inc(i64 %_fv0)
  %t1 = call ptr @prism_alloc(i64 1)
  %0 = ptrtoint ptr %t1 to i64
  %1 = add i64 %0, 8
  %t2 = inttoptr i64 %1 to ptr
  store i64 0, ptr %t2, align 8
  %2 = ptrtoint ptr %t1 to i64
  %3 = add i64 %2, 24
  %t3 = inttoptr i64 %3 to ptr
  store i64 %_fv0, ptr %t3, align 8
  %t4 = ptrtoint ptr %t1 to i64
  %t5 = call ptr @prism_alloc(i64 1)
  %4 = ptrtoint ptr %t5 to i64
  %5 = add i64 %4, 8
  %t6 = inttoptr i64 %5 to ptr
  store i64 8, ptr %t6, align 8
  %6 = ptrtoint ptr %t5 to i64
  %7 = add i64 %6, 24
  %t7 = inttoptr i64 %7 to ptr
  store i64 %_p0, ptr %t7, align 8
  %t8 = ptrtoint ptr %t5 to i64
  %t9 = musttail call i64 @prism_ebind(i64 %t4, i64 %t8)
  ret i64 %t9
}

define i64 @prism_lam_3(i64 %_fv0, i64 %_p0) {
entry:
  call void @prism_rc_inc(i64 %_fv0)
  %t1 = call i64 @prism_qApply(i64 %_fv0, i64 %_p0)
  %t2 = call i64 @prism_7.handle(i64 %t1)
  ret i64 %t2
}

define i64 @prism_lam_4(i64 %_fv0, i64 %_p0) {
entry:
  call void @prism_rc_inc(i64 %_fv0)
  %t1 = call i64 @prism_qApply(i64 %_fv0, i64 %_p0)
  %t2 = call i64 @prism_7.handle(i64 %t1)
  ret i64 %t2
}

define i64 @prism_lam_5(i64 %_p0) {
entry:
  %t0 = call ptr @prism_alloc(i64 1)
  %0 = ptrtoint ptr %t0 to i64
  %1 = add i64 %0, 8
  %t1 = inttoptr i64 %1 to ptr
  store i64 0, ptr %t1, align 8
  %2 = ptrtoint ptr %t0 to i64
  %3 = add i64 %2, 24
  %t2 = inttoptr i64 %3 to ptr
  store i64 1, ptr %t2, align 8
  %t3 = ptrtoint ptr %t0 to i64
  %t4 = call ptr @prism_alloc(i64 1)
  %4 = ptrtoint ptr %t4 to i64
  %5 = add i64 %4, 8
  %t5 = inttoptr i64 %5 to ptr
  store i64 9, ptr %t5, align 8
  %6 = ptrtoint ptr %t4 to i64
  %7 = add i64 %6, 24
  %t6 = inttoptr i64 %7 to ptr
  store i64 %_p0, ptr %t6, align 8
  %t7 = ptrtoint ptr %t4 to i64
  %t8 = call i64 @prism_ebind(i64 %t3, i64 %t7)
  ret i64 %t8
}

define i64 @prism_lam_6(i64 %_fv0, i64 %_p0) {
entry:
  %t0 = icmp ne i64 %_p0, 1
  br i1 %t0, label %b0, label %b1

b0:                                               ; preds = %entry
  call void @prism_rc_dec(i64 %_p0)
  %t2 = call ptr @prism_alloc(i64 1)
  %0 = ptrtoint ptr %t2 to i64
  %1 = add i64 %0, 8
  %t3 = inttoptr i64 %1 to ptr
  store i64 0, ptr %t3, align 8
  %2 = ptrtoint ptr %t2 to i64
  %3 = add i64 %2, 24
  %t4 = inttoptr i64 %3 to ptr
  store i64 3, ptr %t4, align 8
  %t5 = ptrtoint ptr %t2 to i64
  %t6 = call ptr @prism_alloc(i64 0)
  %4 = ptrtoint ptr %t6 to i64
  %5 = add i64 %4, 8
  %t7 = inttoptr i64 %5 to ptr
  store i64 10, ptr %t7, align 8
  %t8 = ptrtoint ptr %t6 to i64
  %t9 = musttail call i64 @prism_ebind(i64 %t5, i64 %t8)
  ret i64 %t9

b1:                                               ; preds = %entry
  call void @prism_rc_inc(i64 %_fv0)
  call void @prism_rc_dec(i64 %_p0)
  %t12 = call ptr @prism_alloc(i64 1)
  %6 = ptrtoint ptr %t12 to i64
  %7 = add i64 %6, 8
  %t13 = inttoptr i64 %7 to ptr
  store i64 0, ptr %t13, align 8
  %8 = ptrtoint ptr %t12 to i64
  %9 = add i64 %8, 24
  %t14 = inttoptr i64 %9 to ptr
  store i64 %_fv0, ptr %t14, align 8
  %t15 = ptrtoint ptr %t12 to i64
  ret i64 %t15
}

define i64 @prism_lam_7(i64 %_fv0, i64 %_p0) {
entry:
  %t0 = call ptr @prism_alloc(i64 1)
  %0 = ptrtoint ptr %t0 to i64
  %1 = add i64 %0, 8
  %t1 = inttoptr i64 %1 to ptr
  store i64 0, ptr %t1, align 8
  %2 = ptrtoint ptr %t0 to i64
  %3 = add i64 %2, 24
  %t2 = inttoptr i64 %3 to ptr
  store i64 %_p0, ptr %t2, align 8
  %t3 = ptrtoint ptr %t0 to i64
  call void @prism_rc_inc(i64 %_fv0)
  %t5 = call ptr @prism_alloc(i64 1)
  %4 = ptrtoint ptr %t5 to i64
  %5 = add i64 %4, 8
  %t6 = inttoptr i64 %5 to ptr
  store i64 11, ptr %t6, align 8
  %6 = ptrtoint ptr %t5 to i64
  %7 = add i64 %6, 24
  %t7 = inttoptr i64 %7 to ptr
  store i64 %_fv0, ptr %t7, align 8
  %t8 = ptrtoint ptr %t5 to i64
  %t9 = musttail call i64 @prism_ebind(i64 %t3, i64 %t8)
  ret i64 %t9
}

define i64 @prism_lam_8(i64 %_fv0, i64 %_p0) {
entry:
  call void @prism_rc_inc(i64 %_fv0)
  %t1 = and i64 %_fv0, %_p0
  %t2 = and i64 %t1, 1
  %t3 = icmp eq i64 %t2, 1
  br i1 %t3, label %b0, label %b1

b0:                                               ; preds = %entry
  %t4 = ashr i64 %_fv0, 1
  %t5 = ashr i64 %_p0, 1
  %t6 = sub i64 %t4, %t5
  %t7 = shl i64 %t6, 1
  %t8 = ashr i64 %t7, 1
  %t9 = icmp eq i64 %t8, %t6
  br i1 %t9, label %b3, label %b1

b1:                                               ; preds = %b0, %entry
  %t11 = call i64 @prism_rt_int_sub(i64 %_fv0, i64 %_p0)
  br label %b2

b3:                                               ; preds = %b0
  %t10 = or i64 %t7, 1
  br label %b2

b2:                                               ; preds = %b1, %b3
  %t12 = phi i64 [ %t10, %b3 ], [ %t11, %b1 ]
  call void @prism_rc_dec(i64 %_fv0)
  call void @prism_rc_dec(i64 %_p0)
  %t13 = call ptr @prism_alloc(i64 1)
  %0 = ptrtoint ptr %t13 to i64
  %1 = add i64 %0, 8
  %t14 = inttoptr i64 %1 to ptr
  store i64 0, ptr %t14, align 8
  %2 = ptrtoint ptr %t13 to i64
  %3 = add i64 %2, 24
  %t15 = inttoptr i64 %3 to ptr
  store i64 %t12, ptr %t15, align 8
  %t16 = ptrtoint ptr %t13 to i64
  ret i64 %t16
}

define i64 @prism_lam_9(i64 %_fv0, i64 %_p0) {
entry:
  call void @prism_rc_inc(i64 %_fv0)
  %t1 = and i64 %_fv0, %_p0
  %t2 = and i64 %t1, 1
  %t3 = icmp eq i64 %t2, 1
  br i1 %t3, label %b0, label %b1

b0:                                               ; preds = %entry
  %t4 = icmp eq i64 %_fv0, %_p0
  %t5 = zext i1 %t4 to i64
  %t6 = shl i64 %t5, 1
  %t7 = or i64 %t6, 1
  br label %b2

b1:                                               ; preds = %entry
  %t8 = call i64 @prism_rt_int_cmp(i64 %_fv0, i64 %_p0)
  %t9 = icmp eq i64 %t8, 0
  %t10 = zext i1 %t9 to i64
  %t11 = shl i64 %t10, 1
  %t12 = or i64 %t11, 1
  br label %b2

b2:                                               ; preds = %b1, %b0
  %t13 = phi i64 [ %t7, %b0 ], [ %t12, %b1 ]
  call void @prism_rc_dec(i64 %_fv0)
  call void @prism_rc_dec(i64 %_p0)
  %t14 = call ptr @prism_alloc(i64 1)
  %0 = ptrtoint ptr %t14 to i64
  %1 = add i64 %0, 8
  %t15 = inttoptr i64 %1 to ptr
  store i64 0, ptr %t15, align 8
  %2 = ptrtoint ptr %t14 to i64
  %3 = add i64 %2, 24
  %t16 = inttoptr i64 %3 to ptr
  store i64 %t13, ptr %t16, align 8
  %t17 = ptrtoint ptr %t14 to i64
  ret i64 %t17
}

define i64 @prism_lam_10(i64 %_p0) {
entry:
  %t0 = call ptr @prism_alloc(i64 4)
  %0 = ptrtoint ptr %t0 to i64
  %1 = add i64 %0, 8
  %t1 = inttoptr i64 %1 to ptr
  store i64 1, ptr %t1, align 8
  %2 = ptrtoint ptr %t0 to i64
  %3 = add i64 %2, 24
  %t2 = inttoptr i64 %3 to ptr
  store i64 1, ptr %t2, align 8
  %4 = ptrtoint ptr %t0 to i64
  %5 = add i64 %4, 32
  %t3 = inttoptr i64 %5 to ptr
  store i64 1, ptr %t3, align 8
  %6 = ptrtoint ptr %t0 to i64
  %7 = add i64 %6, 40
  %t4 = inttoptr i64 %7 to ptr
  store i64 %_p0, ptr %t4, align 8
  %8 = ptrtoint ptr %t0 to i64
  %9 = add i64 %8, 48
  %t5 = inttoptr i64 %9 to ptr
  store i64 0, ptr %t5, align 8
  %t6 = ptrtoint ptr %t0 to i64
  call void @prism_effop_alloc()
  ret i64 %t6
}

declare void @prism_effop_alloc()

define i64 @prism_lam_11(i64 %_fv0, i64 %_p0) {
entry:
  call void @prism_rc_inc(i64 %_fv0)
  %t1 = call ptr @prism_alloc(i64 1)
  %0 = ptrtoint ptr %t1 to i64
  %1 = add i64 %0, 8
  %t2 = inttoptr i64 %1 to ptr
  store i64 0, ptr %t2, align 8
  %2 = ptrtoint ptr %t1 to i64
  %3 = add i64 %2, 24
  %t3 = inttoptr i64 %3 to ptr
  store i64 %_fv0, ptr %t3, align 8
  %t4 = ptrtoint ptr %t1 to i64
  %t5 = call ptr @prism_alloc(i64 1)
  %4 = ptrtoint ptr %t5 to i64
  %5 = add i64 %4, 8
  %t6 = inttoptr i64 %5 to ptr
  store i64 12, ptr %t6, align 8
  %6 = ptrtoint ptr %t5 to i64
  %7 = add i64 %6, 24
  %t7 = inttoptr i64 %7 to ptr
  store i64 %_p0, ptr %t7, align 8
  %t8 = ptrtoint ptr %t5 to i64
  %t9 = musttail call i64 @prism_ebind(i64 %t4, i64 %t8)
  ret i64 %t9
}

define i64 @prism_lam_12(i64 %_fv0, i64 %_p0) {
entry:
  call void @prism_rc_inc(i64 %_fv0)
  %t1 = call i64 @prism_apply_1(i64 %_p0, i64 %_fv0)
  call void @prism_rc_dec(i64 %_p0)
  ret i64 %t1
}

declare void @prism_apply_error()

== run ==
output: []
result: -1
